
> buildstack@0.1.0 build
> next build

  тЦ▓ Next.js 14.2.35
  - Environments: .env.local

   Creating an optimized production build ...
 тЬУ Compiled successfully
   Linting and checking validity of types ...

./src/app/dashboard/cms/[collectionId]/page.tsx
327:13  Warning: Using `<img>` could result in slower LCP and higher bandwidth. Consider using `<Image />` from `next/image` to automatically optimize images. This may incur additional usage or cost from your provider. See: https://nextjs.org/docs/messages/no-img-element  @next/next/no-img-element
920:6  Warning: React Hook useEffect has missing dependencies: 'loadCollection' and 'loadItems'. Either include them or remove the dependency array.  react-hooks/exhaustive-deps
930:6  Warning: React Hook useEffect has missing dependencies: 'loadItems' and 'statusFilter'. Either include them or remove the dependency array.  react-hooks/exhaustive-deps
1248:132  Warning: Image elements must have an alt prop, either with meaningful text, or an empty string for decorative images.  jsx-a11y/alt-text
1252:33  Warning: Using `<img>` could result in slower LCP and higher bandwidth. Consider using `<Image />` from `next/image` to automatically optimize images. This may incur additional usage or cost from your provider. See: https://nextjs.org/docs/messages/no-img-element  @next/next/no-img-element
1252:33  Warning: img elements must have an alt prop, either with meaningful text, or an empty string for decorative images.  jsx-a11y/alt-text

./src/app/dashboard/layout.tsx
77:11  Warning: Using `<img>` could result in slower LCP and higher bandwidth. Consider using `<Image />` from `next/image` to automatically optimize images. This may incur additional usage or cost from your provider. See: https://nextjs.org/docs/messages/no-img-element  @next/next/no-img-element

./src/app/editor/[siteId]/page.tsx
147:6  Warning: React Hook useCallback has a missing dependency: 'profile?.plan'. Either include it or remove the dependency array.  react-hooks/exhaustive-deps
389:6  Warning: React Hook useCallback has an unnecessary dependency: 'saveState'. Either exclude it or remove the dependency array.  react-hooks/exhaustive-deps

./src/app/preview/[siteId]/page.tsx
84:6  Warning: React Hook useEffect has a missing dependency: 'requestedSlug'. Either include it or remove the dependency array.  react-hooks/exhaustive-deps

./src/components/editor/canvas.tsx
867:15  Warning: Using `<img>` could result in slower LCP and higher bandwidth. Consider using `<Image />` from `next/image` to automatically optimize images. This may incur additional usage or cost from your provider. See: https://nextjs.org/docs/messages/no-img-element  @next/next/no-img-element
2448:17  Warning: Using `<img>` could result in slower LCP and higher bandwidth. Consider using `<Image />` from `next/image` to automatically optimize images. This may incur additional usage or cost from your provider. See: https://nextjs.org/docs/messages/no-img-element  @next/next/no-img-element
2671:21  Warning: Using `<img>` could result in slower LCP and higher bandwidth. Consider using `<Image />` from `next/image` to automatically optimize images. This may incur additional usage or cost from your provider. See: https://nextjs.org/docs/messages/no-img-element  @next/next/no-img-element
2751:23  Warning: Using `<img>` could result in slower LCP and higher bandwidth. Consider using `<Image />` from `next/image` to automatically optimize images. This may incur additional usage or cost from your provider. See: https://nextjs.org/docs/messages/no-img-element  @next/next/no-img-element
2966:15  Warning: Using `<img>` could result in slower LCP and higher bandwidth. Consider using `<Image />` from `next/image` to automatically optimize images. This may incur additional usage or cost from your provider. See: https://nextjs.org/docs/messages/no-img-element  @next/next/no-img-element
3095:15  Warning: Using `<img>` could result in slower LCP and higher bandwidth. Consider using `<Image />` from `next/image` to automatically optimize images. This may incur additional usage or cost from your provider. See: https://nextjs.org/docs/messages/no-img-element  @next/next/no-img-element
3133:19  Warning: Using `<img>` could result in slower LCP and higher bandwidth. Consider using `<Image />` from `next/image` to automatically optimize images. This may incur additional usage or cost from your provider. See: https://nextjs.org/docs/messages/no-img-element  @next/next/no-img-element

./src/components/editor/properties-panel.tsx
4562:3  Warning: React Hook useEffect contains a call to 'setCssVal'. Without a list of dependencies, this can lead to an infinite chain of updates. To fix this, pass [bp, pageResponsiveCSS, pageCustomCSS, elements] as a second argument to the useEffect Hook.  react-hooks/exhaustive-deps
4571:3  Warning: React Hook useEffect contains a call to 'setHtmlVal'. Without a list of dependencies, this can lead to an infinite chain of updates. To fix this, pass [file, pageCustomHTML, elements, siteName, pageCustomCSS, pageCustomJS] as a second argument to the useEffect Hook.  react-hooks/exhaustive-deps

./src/components/editor/renderers/auth-form-renderer.tsx
406:17  Warning: Using `<img>` could result in slower LCP and higher bandwidth. Consider using `<Image />` from `next/image` to automatically optimize images. This may incur additional usage or cost from your provider. See: https://nextjs.org/docs/messages/no-img-element  @next/next/no-img-element

./src/components/editor/renderers/cart-renderer.tsx
93:19  Warning: Using `<img>` could result in slower LCP and higher bandwidth. Consider using `<Image />` from `next/image` to automatically optimize images. This may incur additional usage or cost from your provider. See: https://nextjs.org/docs/messages/no-img-element  @next/next/no-img-element

./src/components/editor/renderers/cms-list-renderer.tsx
52:9  Warning: Using `<img>` could result in slower LCP and higher bandwidth. Consider using `<Image />` from `next/image` to automatically optimize images. This may incur additional usage or cost from your provider. See: https://nextjs.org/docs/messages/no-img-element  @next/next/no-img-element
114:7  Warning: Using `<img>` could result in slower LCP and higher bandwidth. Consider using `<Image />` from `next/image` to automatically optimize images. This may incur additional usage or cost from your provider. See: https://nextjs.org/docs/messages/no-img-element  @next/next/no-img-element
427:17  Warning: Using `<img>` could result in slower LCP and higher bandwidth. Consider using `<Image />` from `next/image` to automatically optimize images. This may incur additional usage or cost from your provider. See: https://nextjs.org/docs/messages/no-img-element  @next/next/no-img-element
484:17  Warning: Using `<img>` could result in slower LCP and higher bandwidth. Consider using `<Image />` from `next/image` to automatically optimize images. This may incur additional usage or cost from your provider. See: https://nextjs.org/docs/messages/no-img-element  @next/next/no-img-element
512:23  Warning: Using `<img>` could result in slower LCP and higher bandwidth. Consider using `<Image />` from `next/image` to automatically optimize images. This may incur additional usage or cost from your provider. See: https://nextjs.org/docs/messages/no-img-element  @next/next/no-img-element
550:21  Warning: Using `<img>` could result in slower LCP and higher bandwidth. Consider using `<Image />` from `next/image` to automatically optimize images. This may incur additional usage or cost from your provider. See: https://nextjs.org/docs/messages/no-img-element  @next/next/no-img-element
623:21  Warning: Using `<img>` could result in slower LCP and higher bandwidth. Consider using `<Image />` from `next/image` to automatically optimize images. This may incur additional usage or cost from your provider. See: https://nextjs.org/docs/messages/no-img-element  @next/next/no-img-element

./src/components/editor/renderers/product-card-renderer.tsx
45:11  Warning: Using `<img>` could result in slower LCP and higher bandwidth. Consider using `<Image />` from `next/image` to automatically optimize images. This may incur additional usage or cost from your provider. See: https://nextjs.org/docs/messages/no-img-element  @next/next/no-img-element

./src/components/editor/seo-panel.tsx
177:17  Warning: Using `<img>` could result in slower LCP and higher bandwidth. Consider using `<Image />` from `next/image` to automatically optimize images. This may incur additional usage or cost from your provider. See: https://nextjs.org/docs/messages/no-img-element  @next/next/no-img-element

info  - Need to disable some ESLint rules? Learn more here: https://nextjs.org/docs/basic-features/eslint#disabling-rules
   Collecting page data ...
node.exe :  тЪа Using edge runtime on a page currently disables static generation for that page
At line:1 char:1
+ & "C:\Program Files\nodejs/node.exe" "C:\Users\User\AppData\Roaming\n ...
+ ~~~~~~~~~~~~~~~~~~~~~~~~~~~~~~~~~~~~~~~~~~~~~~~~~~~~~~~~~~~~~~~~~~~~~
    + CategoryInfo          : NotSpecified: ( тЪа Using edge...n for that page:String) [], RemoteException
    + FullyQualifiedErrorId : NativeCommandError
 
   Generating static pages (0/56) ...
   Generating static pages (14/56) 
 тЪа metadataBase property in metadata export is not set for resolving social open graph or twitter images, using "http
://localhost:3000". See https://nextjs.org/docs/app/api-reference/functions/generate-metadata#metadatabase
 тЪа metadataBase property in metadata export is not set for resolving social open graph or twitter images, using "http
://localhost:3000". See https://nextjs.org/docs/app/api-reference/functions/generate-metadata#metadatabase
 тЪа metadataBase property in metadata export is not set for resolving social open graph or twitter images, using "http
://localhost:3000". See https://nextjs.org/docs/app/api-reference/functions/generate-metadata#metadatabase
 тЪа metadataBase property in metadata export is not set for resolving social open graph or twitter images, using "http
://localhost:3000". See https://nextjs.org/docs/app/api-reference/functions/generate-metadata#metadatabase
 тЪа metadataBase property in metadata export is not set for resolving social open graph or twitter images, using "http
://localhost:3000". See https://nextjs.org/docs/app/api-reference/functions/generate-metadata#metadatabase
   Generating static pages (28/56) 
 тЪа metadataBase property in metadata export is not set for resolving social open graph or twitter images, using "http
://localhost:3000". See https://nextjs.org/docs/app/api-reference/functions/generate-metadata#metadatabase
 тЪа metadataBase property in metadata export is not set for resolving social open graph or twitter images, using "http
://localhost:3000". See https://nextjs.org/docs/app/api-reference/functions/generate-metadata#metadatabase
 тЪа metadataBase property in metadata export is not set for resolving social open graph or twitter images, using "http
://localhost:3000". See https://nextjs.org/docs/app/api-reference/functions/generate-metadata#metadatabase
 тЪа metadataBase property in metadata export is not set for resolving social open graph or twitter images, using "http
://localhost:3000". See https://nextjs.org/docs/app/api-reference/functions/generate-metadata#metadatabase
 тЪа metadataBase property in metadata export is not set for resolving social open graph or twitter images, using "http
://localhost:3000". See https://nextjs.org/docs/app/api-reference/functions/generate-metadata#metadatabase
 тЪа metadataBase property in metadata export is not set for resolving social open graph or twitter images, using "http
://localhost:3000". See https://nextjs.org/docs/app/api-reference/functions/generate-metadata#metadatabase
   Generating static pages (42/56) 
 тЬУ Generating static pages (56/56)
   Finalizing page optimization ...
   Collecting build traces ...

Route (app)                                                Size     First Load JS
тФМ тЧЛ /                                                      7.62 kB         244 kB
тФЬ тЧЛ /_not-found                                            156 B          88.1 kB
тФЬ ╞Т /api/health                                            0 B                0 B
тФЬ ╞Т /api/v1/activity                                       0 B                0 B
тФЬ ╞Т /api/v1/ai/copilot                                     0 B                0 B
тФЬ ╞Т /api/v1/ai/generate                                    0 B                0 B
тФЬ ╞Т /api/v1/analytics                                      0 B                0 B
тФЬ ╞Т /api/v1/analytics/track                                0 B                0 B
тФЬ ╞Т /api/v1/auth/signout                                   0 B                0 B
тФЬ ╞Т /api/v1/cms/collections                                0 B                0 B
тФЬ ╞Т /api/v1/cms/collections/[collectionId]                 0 B                0 B
тФЬ ╞Т /api/v1/cms/collections/[collectionId]/items           0 B                0 B
тФЬ ╞Т /api/v1/cms/collections/[collectionId]/items/[itemId]  0 B                0 B
тФЬ ╞Т /api/v1/cms/items                                      0 B                0 B
тФЬ ╞Т /api/v1/forms                                          0 B                0 B
тФЬ ╞Т /api/v1/forms/[formId]                                 0 B                0 B
тФЬ ╞Т /api/v1/lemonsqueezy/billing                           0 B                0 B
тФЬ ╞Т /api/v1/lemonsqueezy/checkout                          0 B                0 B
тФЬ ╞Т /api/v1/lemonsqueezy/portal                            0 B                0 B
тФЬ ╞Т /api/v1/lemonsqueezy/verify                            0 B                0 B
тФЬ ╞Т /api/v1/lemonsqueezy/webhook                           0 B                0 B
тФЬ ╞Т /api/v1/members                                        0 B                0 B
тФЬ ╞Т /api/v1/members/invites                                0 B                0 B
тФЬ ╞Т /api/v1/sites                                          0 B                0 B
тФЬ ╞Т /api/v1/sites/[siteId]                                 0 B                0 B
тФЬ ╞Т /api/v1/sites/[siteId]/actions                         0 B                0 B
тФЬ ╞Т /api/v1/sites/[siteId]/actions/[actionId]              0 B                0 B
тФЬ ╞Т /api/v1/sites/[siteId]/api-key                         0 B                0 B
тФЬ ╞Т /api/v1/sites/[siteId]/auth                            0 B                0 B
тФЬ ╞Т /api/v1/sites/[siteId]/cart                            0 B                0 B
тФЬ ╞Т /api/v1/sites/[siteId]/data                            0 B                0 B
тФЬ ╞Т /api/v1/sites/[siteId]/data/[sourceId]                 0 B                0 B
тФЬ ╞Т /api/v1/sites/[siteId]/db/[collection]                 0 B                0 B
тФЬ ╞Т /api/v1/sites/[siteId]/db/[collection]/[itemId]        0 B                0 B
тФЬ ╞Т /api/v1/sites/[siteId]/deployments                     0 B                0 B
тФЬ ╞Т /api/v1/sites/[siteId]/orders                          0 B                0 B
тФЬ ╞Т /api/v1/sites/[siteId]/orders/[orderId]                0 B                0 B
тФЬ ╞Т /api/v1/sites/[siteId]/pages                           0 B                0 B
тФЬ ╞Т /api/v1/sites/[siteId]/pages/[pageId]                  0 B                0 B
тФЬ ╞Т /api/v1/sites/[siteId]/publish                         0 B                0 B
тФЬ ╞Т /api/v1/sites/[siteId]/routes                          0 B                0 B
тФЬ ╞Т /api/v1/sites/[siteId]/run/[...path]                   0 B                0 B
тФЬ ╞Т /api/v1/sites/[siteId]/tables                          0 B                0 B
тФЬ ╞Т /api/v1/sites/[siteId]/tables/[tableName]              0 B                0 B
тФЬ ╞Т /api/v1/sites/[siteId]/tables/[tableName]/rows         0 B                0 B
тФЬ ╞Т /api/v1/templates                                      0 B                0 B
тФЬ ╞Т /api/v1/user                                           0 B                0 B
тФЬ ╞Т /api/v1/workspaces                                     0 B                0 B
тФЬ ╞Т /api/v1/workspaces/[workspaceId]                       0 B                0 B
тФЬ ╞Т /api/v1/workspaces/[workspaceId]/members               0 B                0 B
тФЬ ╞Т /auth/callback                                         0 B                0 B
тФЬ тЧЛ /blog                                                  605 B           237 kB
тФЬ тЧП /blog/[slug]                                           605 B           237 kB
тФЬ   тФЬ /blog/introducing-ai-site-generator
тФЬ   тФЬ /blog/10-design-tips-high-converting-pages
тФЬ   тФЬ /blog/webflow-vs-buildstack-comparison
тФЬ   тФФ [+3 more paths]
тФЬ тЧЛ /changelog                                             605 B           237 kB
тФЬ тЧЛ /dashboard                                             5.88 kB         206 kB
тФЬ тЧЛ /dashboard/activity                                    4.31 kB         102 kB
тФЬ тЧЛ /dashboard/analytics                                   5.75 kB         104 kB
тФЬ тЧЛ /dashboard/billing                                     6.87 kB         176 kB
тФЬ тЧЛ /dashboard/cms                                         7.97 kB         116 kB
тФЬ ╞Т /dashboard/cms/[collectionId]                          15.6 kB         128 kB
тФЬ тЧЛ /dashboard/domains                                     6.67 kB         111 kB
тФЬ тЧЛ /dashboard/forms                                       7.32 kB         115 kB
тФЬ тЧЛ /dashboard/generate                                    9.39 kB         182 kB
тФЬ тЧЛ /dashboard/logs                                        5.43 kB         104 kB
тФЬ тЧЛ /dashboard/members                                     5.56 kB         173 kB
тФЬ тЧЛ /dashboard/notifications                               156 B          88.1 kB
тФЬ тЧЛ /dashboard/settings                                    5.29 kB         109 kB
тФЬ тЧЛ /dashboard/sites                                       8.11 kB         181 kB
тФЬ ╞Т /dashboard/sites/[siteId]                              156 B          88.1 kB
тФЬ ╞Т /dashboard/sites/[siteId]/analytics                    4.4 kB          103 kB
тФЬ ╞Т /dashboard/sites/[siteId]/deployments                  4.33 kB         112 kB
тФЬ ╞Т /dashboard/sites/[siteId]/localization                 9.58 kB         126 kB
тФЬ ╞Т /dashboard/sites/[siteId]/settings                     11.6 kB         128 kB
тФЬ тЧЛ /dashboard/sites/new                                   9.28 kB         519 kB
тФЬ тЧЛ /dashboard/templates                                   3.84 kB         513 kB
тФЬ ╞Т /editor/[siteId]                                       22.5 kB         416 kB
тФЬ тЧЛ /login                                                 4.62 kB         158 kB
тФЬ ╞Т /opengraph-image                                       0 B                0 B
тФЬ ╞Т /preview/[siteId]                                      3.52 kB         330 kB
тФЬ тЧЛ /pricing                                               8 kB            245 kB
тФЬ тЧЛ /privacy-policy                                        605 B           237 kB
тФЬ ╞Т /published/[siteId]                                    3.58 kB        91.6 kB
тФЬ тЧЛ /refund-policy                                         605 B           237 kB
тФЬ тЧЛ /reset-password                                        4.77 kB         165 kB
тФЬ тЧЛ /robots.txt                                            0 B                0 B
тФЬ тЧЛ /signup                                                4.78 kB         158 kB
тФЬ тЧЛ /sitemap.xml                                           0 B                0 B
тФЬ тЧЛ /templates                                             2.47 kB         579 kB
тФЬ ╞Т /tenant/[slug]/[[...pagePath]]                         3.05 kB          91 kB
тФФ тЧЛ /terms-and-conditions                                  605 B           237 kB
+ First Load JS shared by all                              88 kB
  тФЬ chunks/2117-087fe15e18e2efb3.js                        31.9 kB
  тФЬ chunks/fd9d1056-cb9ef1f35bf947af.js                    53.6 kB
  тФФ other shared chunks (total)                            2.45 kB


╞Т Middleware                                               74.3 kB

тЧЛ  (Static)   prerendered as static content
тЧП  (SSG)      prerendered as static HTML (uses getStaticProps)
╞Т  (Dynamic)  server-rendered on demand

