src/lib/section-blocks.ts(1,36): error TS2307: Cannot find module '@/lib/types' or its corresponding type declarations.
