src/components/editor/command-palette.tsx(28,5): error TS2339: Property 'undo' does not exist on type 'unknown'.
src/components/editor/command-palette.tsx(28,11): error TS2339: Property 'redo' does not exist on type 'unknown'.
src/components/editor/command-palette.tsx(28,17): error TS2339: Property 'undoStack' does not exist on type 'unknown'.
src/components/editor/command-palette.tsx(28,28): error TS2339: Property 'redoStack' does not exist on type 'unknown'.
src/components/editor/command-palette.tsx(28,39): error TS2339: Property 'setPreviewMode' does not exist on type 'unknown'.
src/components/editor/command-palette.tsx(28,55): error TS2339: Property 'isPreviewMode' does not exist on type 'unknown'.
src/components/editor/command-palette.tsx(29,5): error TS2339: Property 'setDeviceMode' does not exist on type 'unknown'.
src/components/editor/command-palette.tsx(29,20): error TS2339: Property 'addElement' does not exist on type 'unknown'.
src/components/editor/command-palette.tsx(29,32): error TS2339: Property 'clearCanvas' does not exist on type 'unknown'.
src/components/editor/command-palette.tsx(29,45): error TS2339: Property 'zoomIn' does not exist on type 'unknown'.
src/components/editor/command-palette.tsx(29,53): error TS2339: Property 'zoomOut' does not exist on type 'unknown'.
src/components/editor/command-palette.tsx(29,62): error TS2339: Property 'setZoom' does not exist on type 'unknown'.
src/components/editor/command-palette.tsx(30,5): error TS2339: Property 'toggleGrid' does not exist on type 'unknown'.
src/components/editor/command-palette.tsx(30,17): error TS2339: Property 'showGrid' does not exist on type 'unknown'.
